
> flight-ticket-booking-website@0.1.0 build
> next build --turbo

   Γû▓ Next.js 15.5.7 (Turbopack)
   - Environments: .env.local

   Creating an optimized production build ...
 Γ£ô Finished writing to disk in 2.3s
 Γ£ô Compiled successfully in 42s
   Skipping linting
   Checking validity of types ...
   Collecting page data ...
   Generating static pages (0/68) ...
   Generating static pages (17/68) 
   Generating static pages (34/68) 
   Generating static pages (51/68) 
 Γ£ô Generating static pages (68/68)
   Finalizing page optimization ...
   Collecting build traces ...

Route (app)                                    Size  First Load JS
Γöî Γùï /                                       12.1 kB         236 kB
Γö£ Γùï /_not-found                                 0 B         139 kB
Γö£ Γùï /about                                  4.32 kB         228 kB
Γö£ ╞Æ /admin                                  17.6 kB         209 kB
Γö£ Γùï /admin-setup                            3.11 kB         142 kB
Γö£ ╞Æ /admin/additional-services              6.45 kB         206 kB
Γö£ ╞Æ /admin/additional-services/edit/[id]    4.04 kB         224 kB
Γö£ ╞Æ /admin/additional-services/new          3.85 kB         223 kB
Γö£ ╞Æ /admin/additional-services/view/[id]        0 B         193 kB
Γö£ ╞Æ /admin/agents                           15.6 kB         207 kB
Γö£ ╞Æ /admin/airlines                         5.94 kB         206 kB
Γö£ ╞Æ /admin/airlines/edit/[id]               6.43 kB         198 kB
Γö£ ╞Æ /admin/airlines/new                     6.25 kB         197 kB
Γö£ ╞Æ /admin/custom-umrah-requests            7.35 kB         227 kB
Γö£ ╞Æ /admin/custom-umrah-requests/view/[id]      0 B         193 kB
Γö£ ╞Æ /admin/excludes                         6.36 kB         206 kB
Γö£ ╞Æ /admin/excludes/edit/[id]               4.84 kB         204 kB
Γö£ ╞Æ /admin/excludes/new                     4.66 kB         204 kB
Γö£ ╞Æ /admin/excludes/view/[id]                   0 B         193 kB
Γö£ ╞Æ /admin/features                         6.36 kB         206 kB
Γö£ ╞Æ /admin/features/edit/[id]               4.84 kB         204 kB
Γö£ ╞Æ /admin/features/new                     4.65 kB         204 kB
Γö£ ╞Æ /admin/features/view/[id]                   0 B         193 kB
Γö£ ╞Æ /admin/form-options                     6.56 kB         372 kB
Γö£ ╞Æ /admin/form-options/edit/[id]           3.76 kB         369 kB
Γö£ ╞Æ /admin/form-options/new                 3.55 kB         369 kB
Γö£ ╞Æ /admin/hotel-bookings                   7.61 kB         227 kB
Γö£ ╞Æ /admin/hotel-bookings/view/[id]         1.95 kB         193 kB
Γö£ ╞Æ /admin/hotels                            6.4 kB         206 kB
Γö£ ╞Æ /admin/hotels/edit/[id]                 7.91 kB         208 kB
Γö£ ╞Æ /admin/hotels/new                       8.24 kB         208 kB
Γö£ ╞Æ /admin/hotels/view/[id]                 1.86 kB         193 kB
Γö£ ╞Æ /admin/includes                         6.36 kB         206 kB
Γö£ ╞Æ /admin/includes/edit/[id]               4.84 kB         204 kB
Γö£ ╞Æ /admin/includes/new                     4.66 kB         204 kB
Γö£ ╞Æ /admin/includes/view/[id]                   0 B         193 kB
Γö£ ╞Æ /admin/itineraries                      6.42 kB         206 kB
Γö£ ╞Æ /admin/itineraries/edit/[id]             5.2 kB         205 kB
Γö£ ╞Æ /admin/itineraries/new                  4.99 kB         205 kB
Γö£ ╞Æ /admin/itineraries/view/[id]                0 B         193 kB
Γö£ ╞Æ /admin/package-bookings                 7.42 kB         227 kB
Γö£ ╞Æ /admin/package-bookings/view/[id]       2.37 kB         194 kB
Γö£ ╞Æ /admin/packages                         6.47 kB         206 kB
Γö£ ╞Æ /admin/packages/edit/[id]               16.9 kB         244 kB
Γö£ ╞Æ /admin/packages/new                     17.8 kB         245 kB
Γö£ ╞Æ /admin/packages/view/[id]               1.81 kB         193 kB
Γö£ ╞Æ /admin/policies                         6.41 kB         206 kB
Γö£ ╞Æ /admin/policies/edit/[id]               5.09 kB         205 kB
Γö£ ╞Æ /admin/policies/new                     4.89 kB         204 kB
Γö£ ╞Æ /admin/policies/view/[id]                   0 B         193 kB
Γö£ ╞Æ /admin/service-types                    5.93 kB         206 kB
Γö£ ╞Æ /admin/service-types/edit/[id]          5.63 kB         197 kB
Γö£ ╞Æ /admin/service-types/new                5.46 kB         197 kB
Γö£ ╞Æ /admin/settings                         3.19 kB         194 kB
Γö£ ╞Æ /admin/users                            7.77 kB         207 kB
Γö£ Γùï /agent/login                             8.2 kB         185 kB
Γö£ ╞Æ /agent/portal                           2.21 kB         192 kB
Γö£ ╞Æ /agent/portal/hotels                     6.6 kB         196 kB
Γö£ ╞Æ /agent/portal/packages                  6.52 kB         196 kB
Γö£ Γùï /agent/register                         19.4 kB         216 kB
Γö£ ╞Æ /api/admin/agents                           0 B            0 B
Γö£ ╞Æ /api/admin/agents/update-status             0 B            0 B
Γö£ ╞Æ /api/agent/login                            0 B            0 B
Γö£ ╞Æ /api/agent/logout                           0 B            0 B
Γö£ ╞Æ /api/agent/register                         0 B            0 B
Γö£ ╞Æ /api/init-admin                             0 B            0 B
Γö£ ╞Æ /api/invoice/[bookingId]                    0 B            0 B
Γö£ ╞Æ /api/upload                                 0 B            0 B
Γö£ Γùï /auth/login                             3.03 kB         142 kB
Γö£ ╞Æ /booking/[id]                           8.69 kB         233 kB
Γö£ ╞Æ /bookings/custom/[id]                    4.1 kB         228 kB
Γö£ ╞Æ /bookings/hotel/[id]                    3.95 kB         228 kB
Γö£ ╞Æ /bookings/package/[id]                   3.9 kB         228 kB
Γö£ Γùï /contact                                3.01 kB         227 kB
Γö£ Γùï /customize-umrah                        33.8 kB         412 kB
Γö£ Γùï /e-sim-service                          1.77 kB         226 kB
Γö£ Γùï /faq                                    5.49 kB         229 kB
Γö£ Γùï /flight-booking                         1.87 kB         226 kB
Γö£ Γùï /hotel-reservation                      1.87 kB         226 kB
Γö£ Γùï /hotels                                 6.97 kB         239 kB
Γö£ ╞Æ /hotels/[id]                            11.1 kB         235 kB
Γö£ Γùï /icon.png                                   0 B            0 B
Γö£ Γùï /meal-service                           1.79 kB         226 kB
Γö£ Γùï /my-bookings                             6.3 kB         230 kB
Γö£ Γùï /privacy-policy                         3.43 kB         227 kB
Γö£ Γùï /profile                                15.7 kB         240 kB
Γö£ Γùï /reset-password                         2.04 kB         226 kB
Γö£ Γùï /terms                                  2.89 kB         227 kB
Γö£ Γùï /thank-you                              2.11 kB         226 kB
Γö£ Γùï /transport-service                      1.85 kB         226 kB
Γö£ Γùï /umrah-packages                         9.64 kB         242 kB
Γö£ ╞Æ /umrah-packages/[id]                    9.21 kB         233 kB
Γö£ Γùï /umrah-service                          1.73 kB         226 kB
Γö£ Γùï /visa-services                           1.8 kB         226 kB
Γöö Γùï /zaiarat-tours                          1.88 kB         226 kB
+ First Load JS shared by all                172 kB
  Γö£ chunks/476efdb30ea5d3b0.js              12.6 kB
  Γö£ chunks/91a60b0b112b10b3.js              59.2 kB
  Γö£ chunks/a6ab6b618b3664f4.js              15.5 kB
  Γö£ chunks/bbf89c5280eb1f0c.js              17.3 kB
  Γö£ chunks/aba968f1597e2766.css             31.9 kB
  Γöö other shared chunks (total)             35.2 kB


Γùï  (Static)   prerendered as static content
╞Æ  (Dynamic)  server-rendered on demand

